[backblue.gif]
[fade.gif]
[index.html]
[cometrbx.xyz/assets/img/CometFrontPageImage2.png]
[cometrbx.xyz/assets/img/MERCURYLOGO.png]
[cdnjs.cloudflare.com/ajax/libs/aos/2.3.4/aos.css]
[cdnjs.cloudflare.com/ajax/libs/baguettebox.js/1.10.0/baguetteBox.min.css]
[pagead2.googlesyndication.com/pagead/js/f6aea.txt]
[cometrbx.xyz/assets/img/CometPhoto1.png]
[cometrbx.xyz/assets/img/GenericTransparent.png]
[cometrbx.xyz/assets/img/CometPhoto2.png]
[cometrbx.xyz/assets/img/CometPhoto3.png]
[cometrbx.xyz/assets/img/CometPhoto4.png]
[cometrbx.xyz/assets/img/CometProgress1.png]
[cometrbx.xyz/assets/img/CometProgress2.png]
[cometrbx.xyz/assets/bootstrap/js/bootstrap.min.js]
[cometrbx.xyz/assets/js/bs-init.js]
[cdnjs.cloudflare.com/ajax/libs/aos/2.3.4/aos.js]
[cdnjs.cloudflare.com/ajax/libs/baguettebox.js/1.10.0/baguetteBox.min.js]
[cometrbx.xyz/assets/js/3D_CSS_PROGRESS_BAR_BY_REDSTAPLER.js]
[cometrbx.xyz/assets/js/Animated-numbers-section.js]
[cometrbx.xyz/assets/js/Lightbox-Gallery.js]
[cometrbx.xyz/index.html]
[cometrbx.xyz/assets/bootstrap/css/bootstrap.min.css]
[cometrbx.xyz/assets/fonts/AtkinsonHyperlegible-Regular.woff2]
[cometrbx.xyz/assets/fonts/AtkinsonHyperlegible-Regular.woff]
[cometrbx.xyz/assets/fonts/AtkinsonHyperlegible-Italic.woff2]
[cometrbx.xyz/assets/fonts/AtkinsonHyperlegible-Italic.woff]
[cometrbx.xyz/assets/fonts/AtkinsonHyperlegible-Bold.woff2]
[cometrbx.xyz/assets/fonts/AtkinsonHyperlegible-Bold.woff]
[cometrbx.xyz/assets/fonts/AtkinsonHyperlegible-BoldItalic.woff2]
[cometrbx.xyz/assets/fonts/AtkinsonHyperlegible-BoldItalic.woff]
[cometrbx.xyz/assets/css/Atkinson Hyperlegible.css]
[cometrbx.xyz/assets/css/Animated-numbers-section.css]
[cometrbx.xyz/assets/css/Features-Boxed.css]
[cometrbx.xyz/assets/css/Footer-Basic.css]
[cometrbx.xyz/assets/img/screen-content-phone.jpg]
[cometrbx.xyz/assets/css/Header-Blue.css]
[cdnjs.cloudflare.com/ajax/libs/aos/2.3.4/aos.css]
[cdnjs.cloudflare.com/ajax/libs/baguettebox.js/1.10.0/baguetteBox.min.css]
[cometrbx.xyz/assets/css/Lightbox-Gallery.css]
[cometrbx.xyz/assets/css/styles.css]
[cometrbx.xyz/_assets/img/CometFrontPageImage2.html]
[cometrbx.xyz/download.html]
[cometrbx.xyz/suggestions.html]
[cometrbx.xyz/discord.html]
[cometrbx.xyz/supportapp.html]
[cometrbx.xyz/about.html]
[cometrbx.xyz/eula.html]
[cometrbx.xyz/_assets/img/CometPhoto1.html]
[cometrbx.xyz/_assets/img/CometPhoto2.html]
[cometrbx.xyz/_assets/img/CometPhoto3.html]
[cometrbx.xyz/_assets/img/CometPhoto4.html]
[cometrbx.xyz/_assets/img/CometCPUModel.html]
[cometrbx.xyz/_assets/img/Comet3GameIntegration.html]
[cometrbx.xyz/_assets/img/SpotlightDownload.html]
[cometrbx.xyz/home.html]
[cometrbx.xyz/_assets/img/CometFrontPageImage.html]
